Archive member included because of file (symbol)

i:/imt school course/tools/01- imt sdk/imt_sdk_win_64/winavr/bin/../lib/gcc/avr/4.3.3/avr5\libgcc.a(_exit.o)
                              i:/imt school course/tools/01- imt sdk/imt_sdk_win_64/winavr/bin/../lib/gcc/avr/4.3.3/../../../../avr/lib/avr5/crtm32.o (exit)

Memory Configuration

Name             Origin             Length             Attributes
text             0x00000000         0x00020000         xr
data             0x00800060         0x0000ffa0         rw !x
eeprom           0x00810000         0x00010000         rw !x
fuse             0x00820000         0x00000400         rw !x
lock             0x00830000         0x00000400         rw !x
signature        0x00840000         0x00000400         rw !x
*default*        0x00000000         0xffffffff

Linker script and memory map

LOAD i:/imt school course/tools/01- imt sdk/imt_sdk_win_64/winavr/bin/../lib/gcc/avr/4.3.3/../../../../avr/lib/avr5/crtm32.o
LOAD ./Drivers/MCAL/IR_progarm.o
LOAD ./Drivers/MCAL/MotorDriver_Program.o
LOAD ./Drivers/HAL/DIO_Program.o
LOAD ./Drivers/HAL/PWM_program.o
LOAD ./main.o
LOAD i:/imt school course/tools/01- imt sdk/imt_sdk_win_64/winavr/bin/../lib/gcc/avr/4.3.3/avr5\libgcc.a
LOAD i:/imt school course/tools/01- imt sdk/imt_sdk_win_64/winavr/bin/../lib/gcc/avr/4.3.3/../../../../avr/lib/avr5\libc.a
LOAD i:/imt school course/tools/01- imt sdk/imt_sdk_win_64/winavr/bin/../lib/gcc/avr/4.3.3/avr5\libgcc.a

.hash
 *(.hash)

.dynsym
 *(.dynsym)

.dynstr
 *(.dynstr)

.gnu.version
 *(.gnu.version)

.gnu.version_d
 *(.gnu.version_d)

.gnu.version_r
 *(.gnu.version_r)

.rel.init
 *(.rel.init)

.rela.init
 *(.rela.init)

.rel.text
 *(.rel.text)
 *(.rel.text.*)
 *(.rel.gnu.linkonce.t*)

.rela.text
 *(.rela.text)
 *(.rela.text.*)
 *(.rela.gnu.linkonce.t*)

.rel.fini
 *(.rel.fini)

.rela.fini
 *(.rela.fini)

.rel.rodata
 *(.rel.rodata)
 *(.rel.rodata.*)
 *(.rel.gnu.linkonce.r*)

.rela.rodata
 *(.rela.rodata)
 *(.rela.rodata.*)
 *(.rela.gnu.linkonce.r*)

.rel.data
 *(.rel.data)
 *(.rel.data.*)
 *(.rel.gnu.linkonce.d*)

.rela.data
 *(.rela.data)
 *(.rela.data.*)
 *(.rela.gnu.linkonce.d*)

.rel.ctors
 *(.rel.ctors)

.rela.ctors
 *(.rela.ctors)

.rel.dtors
 *(.rel.dtors)

.rela.dtors
 *(.rela.dtors)

.rel.got
 *(.rel.got)

.rela.got
 *(.rela.got)

.rel.bss
 *(.rel.bss)

.rela.bss
 *(.rela.bss)

.rel.plt
 *(.rel.plt)

.rela.plt
 *(.rela.plt)

.text           0x00000000      0x8ba
 *(.vectors)
 .vectors       0x00000000       0x54 i:/imt school course/tools/01- imt sdk/imt_sdk_win_64/winavr/bin/../lib/gcc/avr/4.3.3/../../../../avr/lib/avr5/crtm32.o
                0x00000000                __vectors
                0x00000000                __vector_default
 *(.vectors)
 *(.progmem.gcc*)
 *(.progmem*)
                0x00000054                . = ALIGN (0x2)
                0x00000054                __trampolines_start = .
 *(.trampolines)
 .trampolines   0x00000054        0x0 linker stubs
 *(.trampolines*)
                0x00000054                __trampolines_end = .
 *(.jumptables)
 *(.jumptables*)
 *(.lowtext)
 *(.lowtext*)
                0x00000054                __ctors_start = .
 *(.ctors)
                0x00000054                __ctors_end = .
                0x00000054                __dtors_start = .
 *(.dtors)
                0x00000054                __dtors_end = .
 SORT(*)(.ctors)
 SORT(*)(.dtors)
 *(.init0)
 .init0         0x00000054        0x0 i:/imt school course/tools/01- imt sdk/imt_sdk_win_64/winavr/bin/../lib/gcc/avr/4.3.3/../../../../avr/lib/avr5/crtm32.o
                0x00000054                __init
 *(.init0)
 *(.init1)
 *(.init1)
 *(.init2)
 .init2         0x00000054        0xc i:/imt school course/tools/01- imt sdk/imt_sdk_win_64/winavr/bin/../lib/gcc/avr/4.3.3/../../../../avr/lib/avr5/crtm32.o
 *(.init2)
 *(.init3)
 *(.init3)
 *(.init4)
 *(.init4)
 *(.init5)
 *(.init5)
 *(.init6)
 *(.init6)
 *(.init7)
 *(.init7)
 *(.init8)
 *(.init8)
 *(.init9)
 .init9         0x00000060        0x8 i:/imt school course/tools/01- imt sdk/imt_sdk_win_64/winavr/bin/../lib/gcc/avr/4.3.3/../../../../avr/lib/avr5/crtm32.o
 *(.init9)
 *(.text)
 .text          0x00000068        0x4 i:/imt school course/tools/01- imt sdk/imt_sdk_win_64/winavr/bin/../lib/gcc/avr/4.3.3/../../../../avr/lib/avr5/crtm32.o
                0x00000068                __vector_1
                0x00000068                __vector_12
                0x00000068                __bad_interrupt
                0x00000068                __vector_6
                0x00000068                __vector_3
                0x00000068                __vector_11
                0x00000068                __vector_13
                0x00000068                __vector_17
                0x00000068                __vector_19
                0x00000068                __vector_7
                0x00000068                __vector_5
                0x00000068                __vector_4
                0x00000068                __vector_9
                0x00000068                __vector_2
                0x00000068                __vector_15
                0x00000068                __vector_8
                0x00000068                __vector_14
                0x00000068                __vector_10
                0x00000068                __vector_16
                0x00000068                __vector_18
                0x00000068                __vector_20
 .text          0x0000006c        0x0 ./Drivers/MCAL/IR_progarm.o
 .text          0x0000006c        0x0 ./Drivers/MCAL/MotorDriver_Program.o
 .text          0x0000006c        0x0 ./Drivers/HAL/DIO_Program.o
 .text          0x0000006c        0x0 ./Drivers/HAL/PWM_program.o
 .text          0x0000006c        0x0 ./main.o
 .text          0x0000006c        0x0 i:/imt school course/tools/01- imt sdk/imt_sdk_win_64/winavr/bin/../lib/gcc/avr/4.3.3/avr5\libgcc.a(_exit.o)
                0x0000006c                . = ALIGN (0x2)
 *(.text.*)
 .text.IR_Init  0x0000006c       0x22 ./Drivers/MCAL/IR_progarm.o
                0x0000006c                IR_Init
 .text.IR_Read_RightIR
                0x0000008e       0x16 ./Drivers/MCAL/IR_progarm.o
                0x0000008e                IR_Read_RightIR
 .text.IR_Read_LeftIR
                0x000000a4       0x16 ./Drivers/MCAL/IR_progarm.o
                0x000000a4                IR_Read_LeftIR
 .text.MotorDriver_Init
                0x000000ba       0x36 ./Drivers/MCAL/MotorDriver_Program.o
                0x000000ba                MotorDriver_Init
 .text.MotorDriver_MoveForward
                0x000000f0       0x36 ./Drivers/MCAL/MotorDriver_Program.o
                0x000000f0                MotorDriver_MoveForward
 .text.MotorDriver_MoveBackward
                0x00000126       0x36 ./Drivers/MCAL/MotorDriver_Program.o
                0x00000126                MotorDriver_MoveBackward
 .text.MotorDriver_MoveForwardRight
                0x0000015c       0x36 ./Drivers/MCAL/MotorDriver_Program.o
                0x0000015c                MotorDriver_MoveForwardRight
 .text.MotorDriver_MoveForwardLeft
                0x00000192       0x36 ./Drivers/MCAL/MotorDriver_Program.o
                0x00000192                MotorDriver_MoveForwardLeft
 .text.MotorDriver_MoveBackwardRight
                0x000001c8       0x36 ./Drivers/MCAL/MotorDriver_Program.o
                0x000001c8                MotorDriver_MoveBackwardRight
 .text.MotorDriver_MoveBackwardLeft
                0x000001fe       0x36 ./Drivers/MCAL/MotorDriver_Program.o
                0x000001fe                MotorDriver_MoveBackwardLeft
 .text.MotorDriver_Stop
                0x00000234       0x36 ./Drivers/MCAL/MotorDriver_Program.o
                0x00000234                MotorDriver_Stop
 .text.DIO_SetPinDir
                0x0000026a      0x200 ./Drivers/HAL/DIO_Program.o
                0x0000026a                DIO_SetPinDir
 .text.DIO_WritePin
                0x0000046a      0x200 ./Drivers/HAL/DIO_Program.o
                0x0000046a                DIO_WritePin
 .text.DIO_ReadPin
                0x0000066a       0xf2 ./Drivers/HAL/DIO_Program.o
                0x0000066a                DIO_ReadPin
 .text.PWM_Init
                0x0000075c       0x54 ./Drivers/HAL/PWM_program.o
                0x0000075c                PWM_Init
 .text.PWM_FAST_SetMode
                0x000007b0       0x72 ./Drivers/HAL/PWM_program.o
                0x000007b0                PWM_FAST_SetMode
 .text.PWM_SetOCRValue
                0x00000822       0x1c ./Drivers/HAL/PWM_program.o
                0x00000822                PWM_SetOCRValue
 .text.main     0x0000083e       0x78 ./main.o
                0x0000083e                main
 .text.libgcc   0x000008b6        0x0 i:/imt school course/tools/01- imt sdk/imt_sdk_win_64/winavr/bin/../lib/gcc/avr/4.3.3/avr5\libgcc.a(_exit.o)
                0x000008b6                . = ALIGN (0x2)
 *(.fini9)
 .fini9         0x000008b6        0x0 i:/imt school course/tools/01- imt sdk/imt_sdk_win_64/winavr/bin/../lib/gcc/avr/4.3.3/avr5\libgcc.a(_exit.o)
                0x000008b6                exit
                0x000008b6                _exit
 *(.fini9)
 *(.fini8)
 *(.fini8)
 *(.fini7)
 *(.fini7)
 *(.fini6)
 *(.fini6)
 *(.fini5)
 *(.fini5)
 *(.fini4)
 *(.fini4)
 *(.fini3)
 *(.fini3)
 *(.fini2)
 *(.fini2)
 *(.fini1)
 *(.fini1)
 *(.fini0)
 .fini0         0x000008b6        0x4 i:/imt school course/tools/01- imt sdk/imt_sdk_win_64/winavr/bin/../lib/gcc/avr/4.3.3/avr5\libgcc.a(_exit.o)
 *(.fini0)
                0x000008ba                _etext = .

.data           0x00800060        0x0 load address 0x000008ba
                0x00800060                PROVIDE (__data_start, .)
 *(.data)
 .data          0x00800060        0x0 i:/imt school course/tools/01- imt sdk/imt_sdk_win_64/winavr/bin/../lib/gcc/avr/4.3.3/../../../../avr/lib/avr5/crtm32.o
 .data          0x00800060        0x0 ./Drivers/MCAL/IR_progarm.o
 .data          0x00800060        0x0 ./Drivers/MCAL/MotorDriver_Program.o
 .data          0x00800060        0x0 ./Drivers/HAL/DIO_Program.o
 .data          0x00800060        0x0 ./Drivers/HAL/PWM_program.o
 .data          0x00800060        0x0 ./main.o
 .data          0x00800060        0x0 i:/imt school course/tools/01- imt sdk/imt_sdk_win_64/winavr/bin/../lib/gcc/avr/4.3.3/avr5\libgcc.a(_exit.o)
 *(.data*)
 *(.rodata)
 *(.rodata*)
 *(.gnu.linkonce.d*)
                0x00800060                . = ALIGN (0x2)
                0x00800060                _edata = .
                0x00800060                PROVIDE (__data_end, .)

.bss            0x00800060        0x0
                0x00800060                PROVIDE (__bss_start, .)
 *(.bss)
 .bss           0x00800060        0x0 i:/imt school course/tools/01- imt sdk/imt_sdk_win_64/winavr/bin/../lib/gcc/avr/4.3.3/../../../../avr/lib/avr5/crtm32.o
 .bss           0x00800060        0x0 ./Drivers/MCAL/IR_progarm.o
 .bss           0x00800060        0x0 ./Drivers/MCAL/MotorDriver_Program.o
 .bss           0x00800060        0x0 ./Drivers/HAL/DIO_Program.o
 .bss           0x00800060        0x0 ./Drivers/HAL/PWM_program.o
 .bss           0x00800060        0x0 ./main.o
 .bss           0x00800060        0x0 i:/imt school course/tools/01- imt sdk/imt_sdk_win_64/winavr/bin/../lib/gcc/avr/4.3.3/avr5\libgcc.a(_exit.o)
 *(.bss*)
 *(COMMON)
                0x00800060                PROVIDE (__bss_end, .)
                0x000008ba                __data_load_start = LOADADDR (.data)
                0x000008ba                __data_load_end = (__data_load_start + SIZEOF (.data))

.noinit         0x00800060        0x0
                0x00800060                PROVIDE (__noinit_start, .)
 *(.noinit*)
                0x00800060                PROVIDE (__noinit_end, .)
                0x00800060                _end = .
                0x00800060                PROVIDE (__heap_start, .)

.eeprom         0x00810000        0x0
 *(.eeprom*)
                0x00810000                __eeprom_end = .

.fuse
 *(.fuse)
 *(.lfuse)
 *(.hfuse)
 *(.efuse)

.lock
 *(.lock*)

.signature
 *(.signature*)

.stab           0x00000000      0xf60
 *(.stab)
 .stab          0x00000000      0x204 ./Drivers/MCAL/IR_progarm.o
 .stab          0x00000204      0x384 ./Drivers/MCAL/MotorDriver_Program.o
                                0x408 (size before relaxing)
 .stab          0x00000588      0x600 ./Drivers/HAL/DIO_Program.o
                                0x60c (size before relaxing)
 .stab          0x00000b88      0x228 ./Drivers/HAL/PWM_program.o
                                0x45c (size before relaxing)
 .stab          0x00000db0      0x1b0 ./main.o
                                0x234 (size before relaxing)

.stabstr        0x00000000      0xbce
 *(.stabstr)
 .stabstr       0x00000000      0xbce ./Drivers/MCAL/IR_progarm.o

.stab.excl
 *(.stab.excl)

.stab.exclstr
 *(.stab.exclstr)

.stab.index
 *(.stab.index)

.stab.indexstr
 *(.stab.indexstr)

.comment
 *(.comment)

.debug
 *(.debug)

.line
 *(.line)

.debug_srcinfo
 *(.debug_srcinfo)

.debug_sfnames
 *(.debug_sfnames)

.debug_aranges
 *(.debug_aranges)

.debug_pubnames
 *(.debug_pubnames)

.debug_info
 *(.debug_info)
 *(.gnu.linkonce.wi.*)

.debug_abbrev
 *(.debug_abbrev)

.debug_line
 *(.debug_line)

.debug_frame
 *(.debug_frame)

.debug_str
 *(.debug_str)

.debug_loc
 *(.debug_loc)

.debug_macinfo
 *(.debug_macinfo)
OUTPUT(Line_Traker_Robot.elf elf32-avr)
LOAD linker stubs
